Release 14.7 - xst P.20131013 (nt64)
Copyright (c) 1995-2013 Xilinx, Inc.  All rights reserved.
--> Parameter TMPDIR set to xst/projnav.tmp


Total REAL time to Xst completion: 0.00 secs
Total CPU time to Xst completion: 0.08 secs
 
--> Parameter xsthdpdir set to xst


Total REAL time to Xst completion: 0.00 secs
Total CPU time to Xst completion: 0.08 secs
 
--> Reading design: key_gene.prj

TABLE OF CONTENTS
  1) Synthesis Options Summary
  2) HDL Parsing
  3) HDL Elaboration
  4) HDL Synthesis
       4.1) HDL Synthesis Report
  5) Advanced HDL Synthesis
       5.1) Advanced HDL Synthesis Report
  6) Low Level Synthesis
  7) Partition Report
  8) Design Summary
       8.1) Primitive and Black Box Usage
       8.2) Device utilization summary
       8.3) Partition Resource Summary
       8.4) Timing Report
            8.4.1) Clock Information
            8.4.2) Asynchronous Control Signals Information
            8.4.3) Timing Summary
            8.4.4) Timing Details
            8.4.5) Cross Clock Domains Report


=========================================================================
*                      Synthesis Options Summary                        *
=========================================================================
---- Source Parameters
Input File Name                    : "key_gene.prj"
Ignore Synthesis Constraint File   : NO

---- Target Parameters
Output File Name                   : "key_gene"
Output Format                      : NGC
Target Device                      : xc6slx150t-3-fgg676

---- Source Options
Top Module Name                    : key_gene
Automatic FSM Extraction           : YES
FSM Encoding Algorithm             : Auto
Safe Implementation                : No
FSM Style                          : LUT
RAM Extraction                     : Yes
RAM Style                          : Auto
ROM Extraction                     : Yes
Shift Register Extraction          : YES
ROM Style                          : Auto
Resource Sharing                   : YES
Asynchronous To Synchronous        : NO
Shift Register Minimum Size        : 2
Use DSP Block                      : Auto
Automatic Register Balancing       : No

---- Target Options
LUT Combining                      : Auto
Reduce Control Sets                : Auto
Add IO Buffers                     : YES
Global Maximum Fanout              : 100000
Add Generic Clock Buffer(BUFG)     : 16
Register Duplication               : YES
Optimize Instantiated Primitives   : NO
Use Clock Enable                   : Auto
Use Synchronous Set                : Auto
Use Synchronous Reset              : Auto
Pack IO Registers into IOBs        : Auto
Equivalent register Removal        : YES

---- General Options
Optimization Goal                  : Speed
Optimization Effort                : 1
Power Reduction                    : NO
Keep Hierarchy                     : No
Netlist Hierarchy                  : As_Optimized
RTL Output                         : Yes
Global Optimization                : AllClockNets
Read Cores                         : YES
Write Timing Constraints           : NO
Cross Clock Analysis               : NO
Hierarchy Separator                : /
Bus Delimiter                      : <>
Case Specifier                     : Maintain
Slice Utilization Ratio            : 100
BRAM Utilization Ratio             : 100
DSP48 Utilization Ratio            : 100
Auto BRAM Packing                  : NO
Slice Utilization Ratio Delta      : 5

=========================================================================


=========================================================================
*                          HDL Parsing                                  *
=========================================================================
Analyzing Verilog file "E:\Encryption\RC4\RC4\key_gene.v" into library work
Parsing module <key_gene>.

=========================================================================
*                            HDL Elaboration                            *
=========================================================================

Elaborating module <key_gene>.
WARNING:HDLCompiler:413 - "E:\Encryption\RC4\RC4\key_gene.v" Line 46: Result of 9-bit expression is truncated to fit in 8-bit target.
WARNING:HDLCompiler:413 - "E:\Encryption\RC4\RC4\key_gene.v" Line 49: Result of 9-bit expression is truncated to fit in 8-bit target.
WARNING:HDLCompiler:413 - "E:\Encryption\RC4\RC4\key_gene.v" Line 60: Result of 9-bit expression is truncated to fit in 8-bit target.
WARNING:HDLCompiler:413 - "E:\Encryption\RC4\RC4\key_gene.v" Line 63: Result of 9-bit expression is truncated to fit in 8-bit target.
WARNING:HDLCompiler:413 - "E:\Encryption\RC4\RC4\key_gene.v" Line 71: Result of 10-bit expression is truncated to fit in 9-bit target.
WARNING:HDLCompiler:413 - "E:\Encryption\RC4\RC4\key_gene.v" Line 92: Result of 9-bit expression is truncated to fit in 8-bit target.
WARNING:HDLCompiler:1127 - "E:\Encryption\RC4\RC4\key_gene.v" Line 56: Assignment to key ignored, since the identifier is never used

=========================================================================
*                           HDL Synthesis                               *
=========================================================================

Synthesizing Unit <key_gene>.
    Related source file is "E:\Encryption\RC4\RC4\key_gene.v".
    Found 8-bit register for signal <j>.
    Found 9-bit register for signal <count>.
    Found 1-bit register for signal <flag_ex>.
    Found 1-bit register for signal <data_rready>.
    Found 9-bit adder for signal <count[8]_GND_1_o_add_2_OUT> created at line 71.
    Found 8-bit adder for signal <n0041> created at line 72.
    Found 8-bit adder for signal <j[7]_key_init[7]_add_4_OUT> created at line 72.
    Found 9-bit comparator greater for signal <count[8]_PWR_1_o_LessThan_2_o> created at line 70
    Summary:
	inferred   3 Adder/Subtractor(s).
	inferred  19 D-type flip-flop(s).
	inferred   1 Comparator(s).
	inferred   2 Multiplexer(s).
Unit <key_gene> synthesized.

=========================================================================
HDL Synthesis Report

Macro Statistics
# Adders/Subtractors                                   : 3
 8-bit adder                                           : 2
 9-bit adder                                           : 1
# Registers                                            : 4
 1-bit register                                        : 2
 8-bit register                                        : 1
 9-bit register                                        : 1
# Comparators                                          : 1
 9-bit comparator greater                              : 1
# Multiplexers                                         : 2
 8-bit 2-to-1 multiplexer                              : 1
 9-bit 2-to-1 multiplexer                              : 1

=========================================================================

=========================================================================
*                       Advanced HDL Synthesis                          *
=========================================================================


Synthesizing (advanced) Unit <key_gene>.
The following registers are absorbed into counter <count>: 1 register on signal <count>.
Unit <key_gene> synthesized (advanced).

=========================================================================
Advanced HDL Synthesis Report

Macro Statistics
# Adders/Subtractors                                   : 2
 8-bit adder                                           : 2
# Counters                                             : 1
 9-bit up counter                                      : 1
# Registers                                            : 10
 Flip-Flops                                            : 10
# Comparators                                          : 1
 9-bit comparator greater                              : 1
# Multiplexers                                         : 1
 8-bit 2-to-1 multiplexer                              : 1

=========================================================================

=========================================================================
*                         Low Level Synthesis                           *
=========================================================================

Optimizing unit <key_gene> ...

Mapping all equations...
Building and optimizing final netlist ...
Found area constraint ratio of 100 (+ 5) on block key_gene, actual ratio is 0.

Final Macro Processing ...

=========================================================================
Final Register Report

Macro Statistics
# Registers                                            : 19
 Flip-Flops                                            : 19

=========================================================================

=========================================================================
*                           Partition Report                            *
=========================================================================

Partition Implementation Status
-------------------------------

  No Partitions were found in this design.

-------------------------------

=========================================================================
*                            Design Summary                             *
=========================================================================

Top Level Output File Name         : key_gene.ngc

Primitive and Black Box Usage:
------------------------------
# BELS                             : 75
#      GND                         : 1
#      INV                         : 1
#      LUT2                        : 1
#      LUT3                        : 27
#      LUT4                        : 8
#      LUT5                        : 2
#      LUT6                        : 2
#      MUXCY                       : 15
#      MUXF7                       : 1
#      XORCY                       : 17
# FlipFlops/Latches                : 19
#      FDC                         : 2
#      FDCE                        : 17
# Clock Buffers                    : 1
#      BUFGP                       : 1
# IO Buffers                       : 30
#      IBUF                        : 11
#      OBUF                        : 19

Device utilization summary:
---------------------------

Selected Device : 6slx150tfgg676-3 


Slice Logic Utilization: 
 Number of Slice Registers:              19  out of  184304     0%  
 Number of Slice LUTs:                   41  out of  92152     0%  
    Number used as Logic:                41  out of  92152     0%  

Slice Logic Distribution: 
 Number of LUT Flip Flop pairs used:     41
   Number with an unused Flip Flop:      22  out of     41    53%  
   Number with an unused LUT:             0  out of     41     0%  
   Number of fully used LUT-FF pairs:    19  out of     41    46%  
   Number of unique control sets:         2

IO Utilization: 
 Number of IOs:                          31
 Number of bonded IOBs:                  31  out of    396     7%  

Specific Feature Utilization:
 Number of BUFG/BUFGCTRLs:                1  out of     16     6%  

---------------------------
Partition Resource Summary:
---------------------------

  No Partitions were found in this design.

---------------------------


=========================================================================
Timing Report

NOTE: THESE TIMING NUMBERS ARE ONLY A SYNTHESIS ESTIMATE.
      FOR ACCURATE TIMING INFORMATION PLEASE REFER TO THE TRACE REPORT
      GENERATED AFTER PLACE-and-ROUTE.

Clock Information:
------------------
-----------------------------------+------------------------+-------+
Clock Signal                       | Clock buffer(FF name)  | Load  |
-----------------------------------+------------------------+-------+
clk                                | BUFGP                  | 19    |
-----------------------------------+------------------------+-------+

Asynchronous Control Signals Information:
----------------------------------------
No asynchronous control signals found in this design

Timing Summary:
---------------
Speed Grade: -3

   Minimum period: 3.631ns (Maximum Frequency: 275.410MHz)
   Minimum input arrival time before clock: 4.391ns
   Maximum output required time after clock: 3.762ns
   Maximum combinational path delay: No path found

Timing Details:
---------------
All values displayed in nanoseconds (ns)

=========================================================================
Timing constraint: Default period analysis for Clock 'clk'
  Clock period: 3.631ns (frequency: 275.410MHz)
  Total number of paths / destination ports: 253 / 36
-------------------------------------------------------------------------
Delay:               3.631ns (Levels of Logic = 9)
  Source:            j_1 (FF)
  Destination:       j_7 (FF)
  Source Clock:      clk rising
  Destination Clock: clk rising

  Data Path: j_1 to j_7
                                Gate     Net
    Cell:in->out      fanout   Delay   Delay  Logical Name (Net Name)
    ----------------------------------------  ------------
     FDCE:C->Q             3   0.447   0.879  j_1 (j_1)
     LUT3:I0->O            1   0.205   0.580  Madd_j[7]_key_init[7]_add_4_OUT1 (Madd_j[7]_key_init[7]_add_4_OUT1)
     LUT4:I3->O            1   0.205   0.000  Madd_j[7]_key_init[7]_add_4_OUT_lut<0>2 (Madd_j[7]_key_init[7]_add_4_OUT_lut<0>2)
     MUXCY:S->O            1   0.172   0.000  Madd_j[7]_key_init[7]_add_4_OUT_cy<0>_1 (Madd_j[7]_key_init[7]_add_4_OUT_cy<0>2)
     MUXCY:CI->O           1   0.019   0.000  Madd_j[7]_key_init[7]_add_4_OUT_cy<0>_2 (Madd_j[7]_key_init[7]_add_4_OUT_cy<0>3)
     MUXCY:CI->O           1   0.019   0.000  Madd_j[7]_key_init[7]_add_4_OUT_cy<0>_3 (Madd_j[7]_key_init[7]_add_4_OUT_cy<0>4)
     MUXCY:CI->O           1   0.019   0.000  Madd_j[7]_key_init[7]_add_4_OUT_cy<0>_4 (Madd_j[7]_key_init[7]_add_4_OUT_cy<0>5)
     MUXCY:CI->O           0   0.019   0.000  Madd_j[7]_key_init[7]_add_4_OUT_cy<0>_5 (Madd_j[7]_key_init[7]_add_4_OUT_cy<0>6)
     XORCY:CI->O           1   0.180   0.580  Madd_j[7]_key_init[7]_add_4_OUT_xor<0>_6 (j[7]_key_init[7]_add_4_OUT<7>)
     LUT3:I2->O            1   0.205   0.000  Mmux_j[7]_GND_1_o_mux_533_OUT81 (j[7]_GND_1_o_mux_533_OUT<7>)
     FDCE:D                    0.102          j_7
    ----------------------------------------
    Total                      3.631ns (1.592ns logic, 2.039ns route)
                                       (43.8% logic, 56.2% route)

=========================================================================
Timing constraint: Default OFFSET IN BEFORE for Clock 'clk'
  Total number of paths / destination ports: 270 / 55
-------------------------------------------------------------------------
Offset:              4.391ns (Levels of Logic = 11)
  Source:            key_init<0> (PAD)
  Destination:       j_7 (FF)
  Destination Clock: clk rising

  Data Path: key_init<0> to j_7
                                Gate     Net
    Cell:in->out      fanout   Delay   Delay  Logical Name (Net Name)
    ----------------------------------------  ------------
     IBUF:I->O             2   1.222   0.845  key_init_0_IBUF (key_init_0_IBUF)
     LUT3:I0->O            1   0.205   0.580  Madd_j[7]_key_init[7]_add_4_OUT (Madd_j[7]_key_init[7]_add_4_OUT)
     LUT4:I3->O            1   0.205   0.000  Madd_j[7]_key_init[7]_add_4_OUT_lut<0>1 (Madd_j[7]_key_init[7]_add_4_OUT_lut<0>1)
     MUXCY:S->O            1   0.172   0.000  Madd_j[7]_key_init[7]_add_4_OUT_cy<0>_0 (Madd_j[7]_key_init[7]_add_4_OUT_cy<0>1)
     MUXCY:CI->O           1   0.019   0.000  Madd_j[7]_key_init[7]_add_4_OUT_cy<0>_1 (Madd_j[7]_key_init[7]_add_4_OUT_cy<0>2)
     MUXCY:CI->O           1   0.019   0.000  Madd_j[7]_key_init[7]_add_4_OUT_cy<0>_2 (Madd_j[7]_key_init[7]_add_4_OUT_cy<0>3)
     MUXCY:CI->O           1   0.019   0.000  Madd_j[7]_key_init[7]_add_4_OUT_cy<0>_3 (Madd_j[7]_key_init[7]_add_4_OUT_cy<0>4)
     MUXCY:CI->O           1   0.019   0.000  Madd_j[7]_key_init[7]_add_4_OUT_cy<0>_4 (Madd_j[7]_key_init[7]_add_4_OUT_cy<0>5)
     MUXCY:CI->O           0   0.019   0.000  Madd_j[7]_key_init[7]_add_4_OUT_cy<0>_5 (Madd_j[7]_key_init[7]_add_4_OUT_cy<0>6)
     XORCY:CI->O           1   0.180   0.580  Madd_j[7]_key_init[7]_add_4_OUT_xor<0>_6 (j[7]_key_init[7]_add_4_OUT<7>)
     LUT3:I2->O            1   0.205   0.000  Mmux_j[7]_GND_1_o_mux_533_OUT81 (j[7]_GND_1_o_mux_533_OUT<7>)
     FDCE:D                    0.102          j_7
    ----------------------------------------
    Total                      4.391ns (2.386ns logic, 2.005ns route)
                                       (54.3% logic, 45.7% route)

=========================================================================
Timing constraint: Default OFFSET OUT AFTER for Clock 'clk'
  Total number of paths / destination ports: 19 / 19
-------------------------------------------------------------------------
Offset:              3.762ns (Levels of Logic = 1)
  Source:            count_5 (FF)
  Destination:       count<5> (PAD)
  Source Clock:      clk rising

  Data Path: count_5 to count<5>
                                Gate     Net
    Cell:in->out      fanout   Delay   Delay  Logical Name (Net Name)
    ----------------------------------------  ------------
     FDCE:C->Q             6   0.447   0.744  count_5 (count_5)
     OBUF:I->O                 2.571          count_5_OBUF (count<5>)
    ----------------------------------------
    Total                      3.762ns (3.018ns logic, 0.744ns route)
                                       (80.2% logic, 19.8% route)

=========================================================================

Cross Clock Domains Report:
--------------------------

Clock to Setup on destination clock clk
---------------+---------+---------+---------+---------+
               | Src:Rise| Src:Fall| Src:Rise| Src:Fall|
Source Clock   |Dest:Rise|Dest:Rise|Dest:Fall|Dest:Fall|
---------------+---------+---------+---------+---------+
clk            |    3.631|         |         |         |
---------------+---------+---------+---------+---------+

=========================================================================


Total REAL time to Xst completion: 5.00 secs
Total CPU time to Xst completion: 4.90 secs
 
--> 

Total memory usage is 257464 kilobytes

Number of errors   :    0 (   0 filtered)
Number of warnings :    7 (   0 filtered)
Number of infos    :    0 (   0 filtered)

